// Jest Snapshot v1, https://goo.gl/fbAQLP

exports[`Android / Gradle creates a gradle file 1`] = `
"apply plugin: \\"com.android.library\\"
apply plugin: \\"kotlin-android\\"
apply plugin: \\"kotlin-android-extensions\\"

android {
    compileSdkVersion 29
    buildToolsVersion \\"29.0.2\\"

    defaultConfig {
        minSdkVersion 21
        targetSdkVersion 29
        versionCode 1
        versionName \\"1.0.0\\"
    }
}

dependencies {
    implementation \\"org.jetbrains.kotlin:kotlin-stdlib-jdk7:$kotlin_version\\"
    implementation \\"androidx.appcompat:appcompat:1.1.0\\"
    implementation \\"androidx.core:core-ktx:1.2.0\\"
}"
`;
